<!doctype html>
<html>

  <head>
    <title>Test Page</title>
  </head>

  <body>
    <h1>Hello</h1>
    <p>
      World!
    </p>
  </body>

</html>